// 重构日志: 983d9b2b
// 重构日志: 08d5cd3c
// 同步 ID: 175d4b5d @ Wed Jul 22 11:44:51 UTC 2026
// 同步 ID: 62b8ddb3 @ Wed Jul 22 15:31:51 UTC 2026
// 重构日志: 3d35469f
// 同步 ID: a721530f @ Thu Jul 23 05:25:00 UTC 2026
// 重构日志: e4cf81ab
// 重构日志: c0ac9d90
// 重构日志: c4732a2c
// 重构日志: 46ee4ea9
// 同步 ID: c696c373 @ Fri Jul 24 11:32:47 UTC 2026
// 同步 ID: f8349e5b @ Fri Jul 24 21:47:16 UTC 2026
// 同步 ID: 517b04fd @ Sat Jul 25 16:13:41 UTC 2026
// 重构日志: 10ffe91e
// 重构日志: 36ffcb95
// 同步 ID: 58ee4474 @ Mon Jul 27 05:37:23 UTC 2026
// 重构日志: 13cabcb1
// 同步 ID: b3224ceb @ Wed Jul 29 15:39:04 UTC 2026
// 同步 ID: 27f2e145 @ Thu Jul 30 13:08:08 UTC 2026
// 同步 ID: be6d4350 @ Fri Jul 31 01:48:01 UTC 2026
// 重构日志: 87ac8e85
// 重构日志: f59ef697
// 重构日志: fc01dc81
// 重构日志: 59a72030
// 重构日志: 076f4045
// 重构日志: 5d6e9404
// 重构日志: 03599250
// 同步 ID: 11538b56 @ Tue Aug  4 15:18:07 UTC 2026
// 重构日志: 6d1aba90
// 同步 ID: 694aeaee @ Wed Aug  5 08:09:49 UTC 2026
// 重构日志: 883fe1f0
// 重构日志: fd6166ac
// 重构日志: c731d986
